// Vitest Snapshot v1, https://vitest.dev/guide/snapshot.html

exports[`SignOutButton component > matches the snapshot 1`] = `
<DocumentFragment>
  <button
    aria-label="Sign out of your account"
    class="btn btn-accent btn-sm flex items-center justify-center"
    type="button"
  >
    Sign Out
    <svg
      aria-hidden="true"
      class="size-4"
      data-slot="icon"
      fill="currentColor"
      viewBox="0 0 24 24"
      xmlns="http://www.w3.org/2000/svg"
    >
      <path
        clip-rule="evenodd"
        d="M7.5 3.75A1.5 1.5 0 0 0 6 5.25v13.5a1.5 1.5 0 0 0 1.5 1.5h6a1.5 1.5 0 0 0 1.5-1.5V15a.75.75 0 0 1 1.5 0v3.75a3 3 0 0 1-3 3h-6a3 3 0 0 1-3-3V5.25a3 3 0 0 1 3-3h6a3 3 0 0 1 3 3V9A.75.75 0 0 1 15 9V5.25a1.5 1.5 0 0 0-1.5-1.5h-6Zm10.72 4.72a.75.75 0 0 1 1.06 0l3 3a.75.75 0 0 1 0 1.06l-3 3a.75.75 0 1 1-1.06-1.06l1.72-1.72H9a.75.75 0 0 1 0-1.5h10.94l-1.72-1.72a.75.75 0 0 1 0-1.06Z"
        fill-rule="evenodd"
      />
    </svg>
  </button>
</DocumentFragment>
`;
